Determining if the pthread_create exist failed with the following output:
Change Dir: /home/liunao/qt/Note_to_ROS/tools/build/CMakeFiles/CMakeTmp

Run Build Command:"/usr/bin/make" "cmTC_937a7/fast"
/usr/bin/make -f CMakeFiles/cmTC_937a7.dir/build.make CMakeFiles/cmTC_937a7.dir/build
make[1]: Entering directory '/home/liunao/qt/Note_to_ROS/tools/build/CMakeFiles/CMakeTmp'
Building C object CMakeFiles/cmTC_937a7.dir/CheckSymbolExists.c.o
/usr/bin/cc    -o CMakeFiles/cmTC_937a7.dir/CheckSymbolExists.c.o   -c /home/liunao/qt/Note_to_ROS/tools/build/CMakeFiles/CMakeTmp/CheckSymbolExists.c
Linking C executable cmTC_937a7
/usr/bin/cmake -E cmake_link_script CMakeFiles/cmTC_937a7.dir/link.txt --verbose=1
/usr/bin/cc      -rdynamic CMakeFiles/cmTC_937a7.dir/CheckSymbolExists.c.o  -o cmTC_937a7 
CMakeFiles/cmTC_937a7.dir/CheckSymbolExists.c.o: In function `main':
CheckSymbolExists.c:(.text+0x1b): undefined reference to `pthread_create'
collect2: error: ld returned 1 exit status
CMakeFiles/cmTC_937a7.dir/build.make:97: recipe for target 'cmTC_937a7' failed
make[1]: *** [cmTC_937a7] Error 1
make[1]: Leaving directory '/home/liunao/qt/Note_to_ROS/tools/build/CMakeFiles/CMakeTmp'
Makefile:126: recipe for target 'cmTC_937a7/fast' failed
make: *** [cmTC_937a7/fast] Error 2

File /home/liunao/qt/Note_to_ROS/tools/build/CMakeFiles/CMakeTmp/CheckSymbolExists.c:
/* */
#include <pthread.h>

int main(int argc, char** argv)
{
  (void)argv;
#ifndef pthread_create
  return ((int*)(&pthread_create))[argc];
#else
  (void)argc;
  return 0;
#endif
}

Determining if the function pthread_create exists in the pthreads failed with the following output:
Change Dir: /home/liunao/qt/Note_to_ROS/tools/build/CMakeFiles/CMakeTmp

Run Build Command:"/usr/bin/make" "cmTC_11c58/fast"
/usr/bin/make -f CMakeFiles/cmTC_11c58.dir/build.make CMakeFiles/cmTC_11c58.dir/build
make[1]: Entering directory '/home/liunao/qt/Note_to_ROS/tools/build/CMakeFiles/CMakeTmp'
Building C object CMakeFiles/cmTC_11c58.dir/CheckFunctionExists.c.o
/usr/bin/cc   -DCHECK_FUNCTION_EXISTS=pthread_create   -o CMakeFiles/cmTC_11c58.dir/CheckFunctionExists.c.o   -c /usr/share/cmake-3.10/Modules/CheckFunctionExists.c
Linking C executable cmTC_11c58
/usr/bin/cmake -E cmake_link_script CMakeFiles/cmTC_11c58.dir/link.txt --verbose=1
/usr/bin/cc  -DCHECK_FUNCTION_EXISTS=pthread_create    -rdynamic CMakeFiles/cmTC_11c58.dir/CheckFunctionExists.c.o  -o cmTC_11c58 -lpthreads 
/usr/bin/ld: cannot find -lpthreads
collect2: error: ld returned 1 exit status
CMakeFiles/cmTC_11c58.dir/build.make:97: recipe for target 'cmTC_11c58' failed
make[1]: *** [cmTC_11c58] Error 1
make[1]: Leaving directory '/home/liunao/qt/Note_to_ROS/tools/build/CMakeFiles/CMakeTmp'
Makefile:126: recipe for target 'cmTC_11c58/fast' failed
make: *** [cmTC_11c58/fast] Error 2


